src/jobs/expiryAlert.job.ts(112,5): error TS2353: Object literal may only specify known properties, and 'scheduled' does not exist in type 'TaskOptions'.
